[anthropos11.com/index.html]
[backblue.gif]
[fade.gif]
[index.html]
[anthropos11.com/feed/index.html]
[anthropos11.com/wp-json/oembed/1.0/embed1b8a.json]
[anthropos11.com/comments/feed/index.html]
[anthropos11.com/wp-json/oembed/1.0/embed9f1a]
[anthropos11.com/wp-content/themes/Divi/includes/builder/styles/images/preloader.gif]
[anthropos11.com/wp-content/themes/Divi/core/admin/fonts/modules/all/modules.eot]
[anthropos11.com/wp-json/index.html]
[anthropos11.com/wp-json/wp/v2/pages/380.json]
[anthropos11.com/xmlrpc0db0.php]
[anthropos11.com/wp-content/uploads/le11/command-centre/command-centre.html]
[anthropos11.com/wp-content/uploads/2026/05/HorseHeadNebula.webp]
[anthropos11.com/author/aregbmmy/index.html]
[anthropos11.com/wp-content/uploads/2026/05/Copilot_MARIOandR2.png]
[anthropos11.com/wp-content/uploads/2026/05/non-profit-05-1.jpg]
[anthropos11.com/wp-content/uploads/2026/05/Copilot_20260528_134649.png]
[anthropos11.com/wp-content/uploads/2026/05/Copilot_20260528_134253.png]
[anthropos11.com/wp-content/uploads/2026/05/Copilot_20260528_103440.png]
[anthropos11.com/wp-content/uploads/2026/05/Copilot_20260528_103833.png]
[anthropos11.com/wp-content/uploads/2026/05/Copilot_20260528_104453.png]
[anthropos11.com/wp-content/uploads/2026/05/Copilot_20260528_105109.png]
[anthropos11.com/wp-content/uploads/2026/05/Copilot_20260528_105632.png]
[anthropos11.com/wp-content/uploads/2026/05/Copilot_20260528_110422.png]
[anthropos11.com/wp-content/plugins/bluehost-wordpress-plugin/vendor/newfold-labs/wp-module-performance/build/assets/image-lazy-loader.mince7a.js]
[anthropos11.com/wp-content/plugins/bluehost-wordpress-plugin/vendor/newfold-labs/wp-module-performance/build/assets/link-prefetch.min5536.js]
[anthropos11.com/wp-includes/js/jquery/jquery.minf43b.js]
[anthropos11.com/wp-includes/js/jquery/jquery-migrate.min5589.js]
[anthropos11.com/wp-content/themes/Divi/js/theme-scripts-library-based96d.js]
[anthropos11.com/wp-content/themes/Divi/includes/builder-5/visual-builder/build/script-library-frontend-global-functionsd96d.js]
[anthropos11.com/wp-content/themes/Divi/includes/builder-5/visual-builder/build/script-library-ext-waypointd96d.js]
[anthropos11.com/wp-content/themes/Divi/includes/builder-5/visual-builder/build/script-library-fullwidth-headerd96d.js]
[anthropos11.com/wp-content/themes/Divi/includes/builder-5/visual-builder/build/script-library-section-dividersd96d.js]
[anthropos11.com/wp-content/themes/Divi/includes/builder-5/visual-builder/build/script-library-form-conditionsd96d.js]
[anthropos11.com/wp-content/themes/Divi/includes/builder-5/visual-builder/build/script-library-linkd96d.js]
[anthropos11.com/wp-content/themes/Divi/includes/builder-5/visual-builder/build/script-library-frontend-scriptsd96d.js]
[anthropos11.com/wp-content/themes/Divi/includes/builder-5/visual-builder/build/script-library-motion-effectsd96d.js]
[anthropos11.com/wp-content/themes/Divi/includes/builder-5/visual-builder/build/script-library-animationd96d.js]
[anthropos11.com/wp-content/themes/Divi/includes/builder-5/visual-builder/build/module-library-script-signupd96d.js]
[anthropos11.com/wp-content/themes/Divi/includes/builder-5/visual-builder/build/script-library-jquery.fitvidsd96d.js]
[anthropos11.com/wp-content/themes/Divi/includes/builder-5/visual-builder/build/script-library-fitvids-functionsd96d.js]
[anthropos11.com/wp-content/themes/Divi/core/admin/js/commond96d.js]
[stats.wp.com/e-202635.js]
[anthropos11.com/wp-content/themes/Divi/includes/builder-5/visual-builder/build/script-library-multi-viewd96d.js]
[anthropos11.com/index.html]
[anthropos11.com/xmlrpc.php]
[anthropos11.com/wp-content/themes/Divi/includes/builder/styles/images/subscribe-loader.gif]
[anthropos11.com/wp-content/et-cache/380/et-divi-dynamic-tb-408-tb-447-tb-412-38099cc.css]
[anthropos11.com/wp-content/et-cache/380/et-core-unified-tb-408-tb-447-tb-412-deferred-380.min920e.css]
[anthropos11.com/author/aregbmmy/feed/index.html]
[anthropos11.com/wp-json/wp/v2/users/1.json]
[i0.wp.com/anthropos11.com/wp-content/uploads/2026/03/ext-5.303f87.delayed]
[anthropos11.com/hello-world/index.html]
[anthropos11.com/the-morning-after-the-threshold/index.html]
[anthropos11.com/category/uncategorized/index.html]
[i0.wp.com/anthropos11.com/wp-content/uploads/2026/03/ext-4dd5e.jpg]
[anthropos11.com/restoring-agency-in-a-tech-driven-world/index.html]
[anthropos11.com/wp-includes/js/mediaelement/mediaelement-and-player.min1f61.js]
[anthropos11.com/category/agency/index.html]
[anthropos11.com/understanding-structural-inertia/index.html]
[anthropos11.com/wp-includes/js/mediaelement/mediaelement-migrate.min4d6f.js]
[anthropos11.com/category/society/index.html]
[anthropos11.com/author/aregbmmy/page/2/indexf83b.html]
[anthropos11.com/wp-includes/js/mediaelement/wp-mediaelement.min4d6f.js]
[anthropos11.com/wp-content/themes/Divi/includes/builder-5/visual-builder/build/script-library-audiod96d.js]
[anthropos11.com/wp-content/themes/Divi/includes/builder-5/visual-builder/build/script-library-video-overlayd96d.js]
[anthropos11.com/wp-content/themes/Divi/includes/builder-5/visual-builder/build/module-library-script-blogd96d.js]
[anthropos11.com/wp-content/themes/Divi/includes/builder-5/visual-builder/build/script-library-paginationd96d.js]
[anthropos11.com/wp-content/themes/Divi/includes/builder-5/visual-builder/build/script-library-sliderd96d.js]
[anthropos11.com/wp-content/themes/Divi/includes/builder-5/visual-builder/build/script-library-easypiechartd96d.js]
[anthropos11.com/wp-content/themes/Divi/includes/builder-5/visual-builder/build/script-library-galleryd96d.js]
[anthropos11.com/author/aregbmmy/index.html]
[anthropos11.com/wp-content/uploads/le11/command-centre/command-centre.html]
[anthropos11.com/wp-content/et-cache/author/1/et-divi-dynamic-tb-408-tb-416-tb-4122ec1.css]
[anthropos11.com/wp-includes/js/mediaelement/mediaelementplayer-legacy.min1f61.css]
[anthropos11.com/wp-includes/js/mediaelement/wp-mediaelement.min4d6f.css]
[anthropos11.com/wp-content/et-cache/author/1/et-divi-customizer-tb-408-tb-416-tb-412.minbc1f.css]
[anthropos11.com/wp-content/et-cache/author/1/et-core-unified-tb-408-tb-416-tb-412-deferred.min9f0c.css]
[anthropos11.com/wp-json/oembed/1.0/embeda35f.json]
[anthropos11.com/hello-world/feed/index.html]
[anthropos11.com/wp-json/oembed/1.0/embedecaf]
[anthropos11.com/wp-content/themes/Divi/core/admin/fonts/modules/base/modules.eot]
[anthropos11.com/wp-json/wp/v2/posts/1.json]
[i0.wp.com/anthropos11.com/wp-content/uploads/2026/03/ext-3cf53.jpg]
[i0.wp.com/anthropos11.com/wp-content/uploads/2026/03/ext-24bde.jpg]
[anthropos11.com/architecting-a-coherent-future/index.html]
[anthropos11.com/category/architecture/index.html]
[i0.wp.com/anthropos11.com/wp-content/uploads/2026/03/ext-1ed5c.jpg]
[anthropos11.com/cultural-narratives-and-governance/index.html]
[anthropos11.com/category/governance/index.html]
[i0.wp.com/anthropos11.com/wp-content/uploads/2026/03/extdbf2.jpg]
[anthropos11.com/hello-world/index.html]
[anthropos11.com/the-role-of-ai-in-society/index.html]
[anthropos11.com/category/technology/index.html]
[anthropos11.com/wp-json/oembed/1.0/embed041a.json]
[anthropos11.com/navigating-humanitys-transition/index.html]
[anthropos11.com/category/transition/index.html]
[anthropos11.com/wp-json/oembed/1.0/embed1cc6]
[anthropos11.com/hello-world/page/2/indexf83b.html]
[anthropos11.com/wp-json/wp/v2/posts/644.json]
[anthropos11.com/the-morning-after-the-threshold/index.html]
[anthropos11.com/wp-content/themes/Divi/core/admin/fonts/fontawesome/fa-regular-400.eot]
[anthropos11.com/the-morning-after-the-threshold/page/2/indexf83b.html]
[anthropos11.com/category/uncategorized/feed/index.html]
[anthropos11.com/wp-json/wp/v2/categories/1.json]
[anthropos11.com/category/uncategorized/index.html]
[anthropos11.com/wp-json/oembed/1.0/embedc1ab.json]
[anthropos11.com/wp-json/oembed/1.0/embed17ff]
[anthropos11.com/wp-json/wp/v2/posts/22.json]
[anthropos11.com/restoring-agency-in-a-tech-driven-world/index.html]
[anthropos11.com/restoring-agency-in-a-tech-driven-world/page/2/indexf83b.html]
[anthropos11.com/category/agency/feed/index.html]
[anthropos11.com/wp-json/wp/v2/categories/11.json]
[anthropos11.com/category/agency/index.html]
[anthropos11.com/wp-json/oembed/1.0/embedad1c.json]
[anthropos11.com/wp-json/oembed/1.0/embedf166]
[anthropos11.com/wp-json/wp/v2/posts/19.json]
[anthropos11.com/understanding-structural-inertia/index.html]
[anthropos11.com/understanding-structural-inertia/page/2/indexf83b.html]
[anthropos11.com/category/society/feed/index.html]
[anthropos11.com/wp-json/wp/v2/categories/10.json]
[anthropos11.com/category/society/index.html]
[anthropos11.com/author/aregbmmy/page/2/indexf83b.html]
[anthropos11.com/wp-includes/js/mediaelement/mejs-controls.svg]
[anthropos11.com/wp-content/et-cache/1/et-divi-dynamic-tb-634-170c0.css]
[anthropos11.com/indexcff1.html]
[anthropos11.com/wp-content/et-cache/global/et-divi-customizer-tb-408-tb-634-tb-412.min70c0.css]
[anthropos11.com/author/aregbmmy/page/3/indexf83b.html]
[anthropos11.com/author/aregbmmy/indexf83b.html]
[anthropos11.com/wp-json/oembed/1.0/embed7046.json]
[anthropos11.com/wp-json/oembed/1.0/embed4dfb]
[anthropos11.com/wp-json/wp/v2/posts/16.json]
[anthropos11.com/architecting-a-coherent-future/index.html]
[anthropos11.com/architecting-a-coherent-future/page/2/indexf83b.html]
[anthropos11.com/category/architecture/feed/index.html]
[anthropos11.com/wp-json/wp/v2/categories/9.json]
[anthropos11.com/category/architecture/index.html]
[anthropos11.com/wp-json/oembed/1.0/embed08e0.json]
[anthropos11.com/wp-json/oembed/1.0/embed8c06]
[anthropos11.com/wp-json/wp/v2/posts/13.json]
[anthropos11.com/cultural-narratives-and-governance/index.html]
[anthropos11.com/cultural-narratives-and-governance/page/2/indexf83b.html]
[anthropos11.com/category/governance/feed/index.html]
[anthropos11.com/wp-json/wp/v2/categories/8.json]
[anthropos11.com/category/governance/index.html]
[anthropos11.com/wp-json/oembed/1.0/embed3d7f.json]
[anthropos11.com/wp-json/oembed/1.0/embed1a69]
[anthropos11.com/wp-json/wp/v2/posts/10.json]
[anthropos11.com/the-role-of-ai-in-society/index.html]
[anthropos11.com/the-role-of-ai-in-society/page/2/indexf83b.html]
[anthropos11.com/category/technology/feed/index.html]
[anthropos11.com/wp-json/wp/v2/categories/7.json]
[anthropos11.com/category/technology/index.html]
[anthropos11.com/wp-json/oembed/1.0/embed1972.json]
[anthropos11.com/wp-json/oembed/1.0/embeddb59]
[anthropos11.com/wp-json/wp/v2/posts/7.json]
[anthropos11.com/navigating-humanitys-transition/index.html]
[anthropos11.com/navigating-humanitys-transition/page/2/indexf83b.html]
[anthropos11.com/category/transition/feed/index.html]
[anthropos11.com/wp-json/wp/v2/categories/6.json]
[anthropos11.com/category/transition/index.html]
[anthropos11.com/hello-world/page/2/indexf83b.html]
[anthropos11.com/wp-content/et-cache/644/et-divi-dynamic-tb-634-644788a.css]
[anthropos11.com/index6ade.html]
[anthropos11.com/hello-world/page/3/indexf83b.html]
[anthropos11.com/the-morning-after-the-threshold/page/2/indexf83b.html]
[anthropos11.com/wp-content/et-cache/taxonomy/category/1/et-divi-dynamic-tb-408-tb-415-tb-412788a.css]
[anthropos11.com/wp-content/et-cache/taxonomy/category/1/et-divi-customizer-tb-408-tb-415-tb-412.min788a.css]
[anthropos11.com/wp-content/et-cache/22/et-divi-dynamic-tb-634-222ad1.css]
[anthropos11.com/index0345.html]
[anthropos11.com/hello-world/indexf83b.html]
[anthropos11.com/restoring-agency-in-a-tech-driven-world/page/2/indexf83b.html]
[anthropos11.com/wp-content/et-cache/taxonomy/category/11/et-divi-dynamic-tb-408-tb-415-tb-4123027.css]
[anthropos11.com/the-morning-after-the-threshold/page/3/indexf83b.html]
[anthropos11.com/wp-content/et-cache/taxonomy/category/11/et-divi-customizer-tb-408-tb-415-tb-412.min3027.css]
[anthropos11.com/the-morning-after-the-threshold/indexf83b.html]
[anthropos11.com/restoring-agency-in-a-tech-driven-world/page/3/indexf83b.html]
[anthropos11.com/restoring-agency-in-a-tech-driven-world/indexf83b.html]
[anthropos11.com/wp-content/uploads/2026/03/ext-1.webp]
[anthropos11.com/ext-1-webp/index.html]
[anthropos11.com/wp-content/et-cache/19/et-divi-dynamic-tb-634-193027.css]
[anthropos11.com/index5831.html]
[anthropos11.com/understanding-structural-inertia/page/2/indexf83b.html]
[anthropos11.com/wp-content/et-cache/taxonomy/category/10/et-divi-dynamic-tb-408-tb-415-tb-4123027.css]
[anthropos11.com/wp-content/et-cache/taxonomy/category/10/et-divi-customizer-tb-408-tb-415-tb-412.min3027.css]
[anthropos11.com/author/aregbmmy/page/3/indexf83b.html]
[anthropos11.com/author/aregbmmy/indexf83b.html]
[anthropos11.com/wp-content/et-cache/16/et-divi-dynamic-tb-634-169e17.css]
[anthropos11.com/index0e62.html]
[anthropos11.com/understanding-structural-inertia/page/3/indexf83b.html]
[anthropos11.com/understanding-structural-inertia/indexf83b.html]
[anthropos11.com/architecting-a-coherent-future/page/2/indexf83b.html]
[anthropos11.com/wp-content/et-cache/taxonomy/category/9/et-divi-dynamic-tb-408-tb-415-tb-4129e17.css]
[anthropos11.com/wp-content/et-cache/taxonomy/category/9/et-divi-customizer-tb-408-tb-415-tb-412.min9e17.css]
[anthropos11.com/wp-content/et-cache/13/et-divi-dynamic-tb-634-13451d.css]
[anthropos11.com/index2dc4.html]
[anthropos11.com/navigating-humanitys-transition/ext/index.html]
[anthropos11.com/architecting-a-coherent-future/page/3/indexf83b.html]
[anthropos11.com/cultural-narratives-and-governance/page/2/indexf83b.html]
[anthropos11.com/wp-content/et-cache/taxonomy/category/8/et-divi-dynamic-tb-408-tb-415-tb-412451d.css]
[anthropos11.com/wp-content/et-cache/taxonomy/category/8/et-divi-customizer-tb-408-tb-415-tb-412.min451d.css]
[anthropos11.com/architecting-a-coherent-future/indexf83b.html]
[anthropos11.com/wp-content/uploads/2026/03/ext.webp]
[anthropos11.com/ext-webp/index.html]
[anthropos11.com/wp-content/et-cache/10/et-divi-dynamic-tb-634-10451d.css]
[anthropos11.com/index64b4.html]
[anthropos11.com/cultural-narratives-and-governance/page/3/indexf83b.html]
[anthropos11.com/cultural-narratives-and-governance/indexf83b.html]
[anthropos11.com/the-role-of-ai-in-society/page/2/indexf83b.html]
[anthropos11.com/wp-content/et-cache/taxonomy/category/7/et-divi-dynamic-tb-408-tb-415-tb-41286b4.css]
[anthropos11.com/wp-content/et-cache/taxonomy/category/7/et-divi-customizer-tb-408-tb-415-tb-412.min86b4.css]
[anthropos11.com/wp-content/et-cache/7/et-divi-dynamic-tb-634-786b4.css]
[anthropos11.com/indexc4f7.html]
[anthropos11.com/the-role-of-ai-in-society/page/3/indexf83b.html]
[anthropos11.com/the-role-of-ai-in-society/indexf83b.html]
[anthropos11.com/navigating-humanitys-transition/page/2/indexf83b.html]
[anthropos11.com/wp-content/et-cache/taxonomy/category/6/et-divi-dynamic-tb-408-tb-415-tb-41286b4.css]
[anthropos11.com/wp-content/et-cache/taxonomy/category/6/et-divi-customizer-tb-408-tb-415-tb-412.min86b4.css]
[anthropos11.com/wp-content/et-cache/1/et-core-unified-tb-408-tb-634-tb-412-deferred-1.min788a.css]
[anthropos11.com/hello-world/page/3/indexf83b.html]
[anthropos11.com/hello-world/indexf83b.html]
[anthropos11.com/wp-content/et-cache/644/et-core-unified-tb-408-tb-634-tb-412-deferred-644.min788a.css]
[anthropos11.com/the-morning-after-the-threshold/page/3/indexf83b.html]
[anthropos11.com/the-morning-after-the-threshold/indexf83b.html]
[anthropos11.com/wp-content/et-cache/22/et-core-unified-tb-408-tb-634-tb-412-deferred-22.min2ad1.css]
[anthropos11.com/restoring-agency-in-a-tech-driven-world/page/3/indexf83b.html]
[anthropos11.com/restoring-agency-in-a-tech-driven-world/indexf83b.html]
[anthropos11.com/wp-content/et-cache/19/et-core-unified-tb-408-tb-634-tb-412-deferred-19.min3027.css]
[anthropos11.com/understanding-structural-inertia/page/3/indexf83b.html]
[anthropos11.com/understanding-structural-inertia/indexf83b.html]
[anthropos11.com/wp-content/et-cache/16/et-core-unified-tb-408-tb-634-tb-412-deferred-16.min9e17.css]
[anthropos11.com/architecting-a-coherent-future/page/3/indexf83b.html]
[anthropos11.com/architecting-a-coherent-future/indexf83b.html]
[anthropos11.com/wp-content/et-cache/13/et-core-unified-tb-408-tb-634-tb-412-deferred-13.min451d.css]
[anthropos11.com/cultural-narratives-and-governance/page/3/indexf83b.html]
[anthropos11.com/cultural-narratives-and-governance/indexf83b.html]
[anthropos11.com/wp-content/et-cache/10/et-core-unified-tb-408-tb-634-tb-412-deferred-10.min451d.css]
[anthropos11.com/the-role-of-ai-in-society/page/3/indexf83b.html]
[anthropos11.com/the-role-of-ai-in-society/indexf83b.html]
[anthropos11.com/wp-content/et-cache/7/et-core-unified-tb-408-tb-634-tb-412-deferred-7.min86b4.css]
[anthropos11.com/navigating-humanitys-transition/page/3/indexf83b.html]
[anthropos11.com/navigating-humanitys-transition/page/3/indexf83b.html]
[anthropos11.com/navigating-humanitys-transition/indexf83b.html]
[anthropos11.com/navigating-humanitys-transition/indexf83b.html]
